> var inputString = "GATGGAACTTGACTACGTAAATT";
> inputString
"GATGGAACTTGACTACGTAAATT"
> char c = 'a';
> for (var i=0; i<inputString; i++) {
.     Console.WriteLine(inputString[i]);
. }
(1,15): error CS0019: Operator '<' cannot be applied to operands of type 'int' and 'string'
> for (var i=0; i<inputString.Length; i++) {
.     Console.WriteLine(inputString[i]);
. }
G
A
T
G
G
A
A
C
T
T
G
A
C
T
A
C
G
T
A
A
A
T
T
> foreach (char c in inputString) { Console.WriteLine(c); }
G
A
T
G
G
A
A
C
T
T
G
A
C
T
A
C
G
T
A
A
A
T
T
> for (var i=inputString.Length - 1; i>=0; i--) {
.     Console.Write(inputString[i]);
. }
TTAAATGCATCAGTTCAAGGTAG
> string outputString = "";
> for (var i=inputString.Length - 1; i>=0; i--) {
.     outputString += inputString[i];
. }
> Console.WriteLine(outputString);
TTAAATGCATCAGTTCAAGGTAG
> string DraaiStringOm() {
.     for (var i = inputString.Length - 1; i >= 0; i--)
.     {
.         outputString += inputString[i];
.     }
. 
.     return outputString;
. }
> string DraaiStringOm(string inputString) {
.     for (var i = inputString.Length - 1; i >= 0; i--)
.     {
.         outputString += inputString[i];
.     }
. 
.     return outputString;
. }
> Console.WriteLine(DraaiStringOm(inputString));
TTAAATGCATCAGTTCAAGGTAGTTAAATGCATCAGTTCAAGGTAG
> Console.WriteLine(DraaiStringOm("Supercalifragilisticexpialidocious"));
TTAAATGCATCAGTTCAAGGTAGTTAAATGCATCAGTTCAAGGTAGsuoicodilaipxecitsiligarfilacrepuS
> string DraaiStringOm(string input) {
.     for (var i = input.Length - 1; i >= 0; i--)
.     {
.         outputString += input[i];
.     }
. 
.     return outputString;
. }
> Console.WriteLine(DraaiStringOm("Supercalifragilisticexpialidocious");
(1,70): error CS1026: ) expected
> Console.WriteLine(DraaiStringOm("Supercalifragilisticexpialidocious"));
TTAAATGCATCAGTTCAAGGTAGTTAAATGCATCAGTTCAAGGTAGsuoicodilaipxecitsiligarfilacrepuSsuoicodilaipxecitsiligarfilacrepuS
> class StaticStringTools
. {
.     public static string DraaiStringOm(string inputString)
.     {
.         string outputString = "";
.         for (var i = inputString.Length - 1; i >= 0; i--)
.         {
.             outputString += inputString[i];
.         }
.         return outputString;
.     }
. }
> Console.WriteLine(StaticStringTools.DraaiStringOm("Joske"));
eksoJ
> Console.WriteLine(StaticStringTools.DraaiStringOm("Supercalifragilisticexpialidocious"));
suoicodilaipxecitsiligarfilacrepuS
> string outputString = "";
. foreach (var ch in inputString)
. {
.     if (ch == 'T')
.     {
.         outputString += 'U';
.     }
.     else
.     {
.         outputString += ch;
.     }
. }
> Console.WriteLine(outputString);
GAUGGAACUUGACUACGUAAAUU
> 
